error: sha256 does not match, expected: 082f8d7a70e88996451d2fa53844a95f8c6da4e9179f9ce133bd40489194b3ae
 --> tests/trybuild/contractfile_with_sha256_verify_fail.rs:3:5
  |
3 |     sha256 = "0000000000000000000000000000000000000000000000000000000000000000",
  |     ^^^^^^

error[E0601]: `main` function not found in crate `$CRATE`
 --> tests/trybuild/contractfile_with_sha256_verify_fail.rs:4:3
  |
4 | );
  |   ^ consider adding a `main` function to `$DIR/tests/trybuild/contractfile_with_sha256_verify_fail.rs`
